[s = (seq.unit 1)(), t = (seq.unit 2)()]
[s = (as seq.empty (Seq Int))()]
[s = (seq.++ (seq.unit 1) (seq.unit 2))()]
[s = (as seq.empty (Seq Int))()]
[s = (seq.++ (seq.unit 1) (seq.unit 2))()]
[s = (seq.++ (seq.unit 1) (seq.unit 1))(), t = (seq.++ (seq.unit 1) (seq.unit 1))()]
[s = (as seq.empty (Seq Int))(), t = (as seq.empty (Seq Int))(), u = (as seq.empty (Seq Int))()]
[s = (seq.++ (seq.unit (- 1)) (seq.unit (- 2)))(), t = (seq.unit (- 2))()]
[s = (seq.++ (seq.unit (- 2)) (seq.unit 4) (seq.unit (- 3)))(), t = (seq.unit (- 3))()]
